// Jest Snapshot v1, https://goo.gl/fbAQLP

exports[`matches snapshot 1`] = `
<div
  className="container-fluid"
  data-testid="header"
>
  <div
    className="d-flex justify-content-between"
  >
    <div>
      <p>
        GameStation Store
      </p>
    </div>
    <a
      href="/cart"
      onClick={[Function]}
    >
      <div
        title="cart"
      >
        <i
          className="fa-solid fa-cart-shopping"
        />
      </div>
    </a>
  </div>
  <div
    className=" text-white bg-dark row py-lg-4"
  >
    <div
      className=""
    >
      <h1
        className=""
      >
        Hiking Simulator
      </h1>
      <h2
        className="c"
      >
        Add-Ons
      </h2>
    </div>
  </div>
</div>
`;
